  Ex4_V2.C
C:\SPY\PROG_SLO1_25_26\Exercice\Exo4\sources\Ex4_V2.C(53,10): warning C4477: 'printf' : la chaîne de format '%d' nécessite un argument de type 'int', mais l'argument variadique 3 est de type '__int64'
C:\SPY\PROG_SLO1_25_26\Exercice\Exo4\sources\Ex4_V2.C(53,10): message : utilisez '%lld' dans la chaîne de format
C:\SPY\PROG_SLO1_25_26\Exercice\Exo4\sources\Ex4_V2.C(53,10): message : utilisez '%Id' dans la chaîne de format
C:\SPY\PROG_SLO1_25_26\Exercice\Exo4\sources\Ex4_V2.C(53,10): message : utilisez '%I64d' dans la chaîne de format
C:\SPY\PROG_SLO1_25_26\Exercice\Exo4\sources\Ex4_V2.C(60,12): warning C4244: '=' : conversion de 'unsigned short' en 'char', perte possible de données
C:\SPY\PROG_SLO1_25_26\Exercice\Exo4\sources\Ex4_V2.C(71,10): warning C4477: 'printf' : la chaîne de format '%X' nécessite un argument de type 'unsigned int', mais l'argument variadique 1 est de type 'unsigned __int64'
C:\SPY\PROG_SLO1_25_26\Exercice\Exo4\sources\Ex4_V2.C(71,10): message : utilisez '%llX' dans la chaîne de format
C:\SPY\PROG_SLO1_25_26\Exercice\Exo4\sources\Ex4_V2.C(71,10): message : utilisez '%IX' dans la chaîne de format
C:\SPY\PROG_SLO1_25_26\Exercice\Exo4\sources\Ex4_V2.C(71,10): message : utilisez '%I64X' dans la chaîne de format
C:\SPY\PROG_SLO1_25_26\Exercice\Exo4\sources\Ex4_V2.C(71,10): warning C4477: 'printf' : la chaîne de format '%04X' nécessite un argument de type 'unsigned int', mais l'argument variadique 2 est de type 'unsigned __int64'
C:\SPY\PROG_SLO1_25_26\Exercice\Exo4\sources\Ex4_V2.C(71,10): message : utilisez '%llX' dans la chaîne de format
C:\SPY\PROG_SLO1_25_26\Exercice\Exo4\sources\Ex4_V2.C(71,10): message : utilisez '%IX' dans la chaîne de format
C:\SPY\PROG_SLO1_25_26\Exercice\Exo4\sources\Ex4_V2.C(71,10): message : utilisez '%I64X' dans la chaîne de format
C:\SPY\PROG_SLO1_25_26\Exercice\Exo4\sources\Ex4_V2.C(71,10): warning C4477: 'printf' : la chaîne de format '%04x' nécessite un argument de type 'unsigned int', mais l'argument variadique 3 est de type 'unsigned __int64'
C:\SPY\PROG_SLO1_25_26\Exercice\Exo4\sources\Ex4_V2.C(71,10): message : utilisez '%llx' dans la chaîne de format
C:\SPY\PROG_SLO1_25_26\Exercice\Exo4\sources\Ex4_V2.C(71,10): message : utilisez '%Ix' dans la chaîne de format
C:\SPY\PROG_SLO1_25_26\Exercice\Exo4\sources\Ex4_V2.C(71,10): message : utilisez '%I64x' dans la chaîne de format
C:\SPY\PROG_SLO1_25_26\Exercice\Exo4\sources\Ex4_V2.C(72,10): warning C4477: 'printf' : la chaîne de format '%X' nécessite un argument de type 'unsigned int', mais l'argument variadique 1 est de type 'unsigned __int64'
C:\SPY\PROG_SLO1_25_26\Exercice\Exo4\sources\Ex4_V2.C(72,10): message : utilisez '%llX' dans la chaîne de format
C:\SPY\PROG_SLO1_25_26\Exercice\Exo4\sources\Ex4_V2.C(72,10): message : utilisez '%IX' dans la chaîne de format
C:\SPY\PROG_SLO1_25_26\Exercice\Exo4\sources\Ex4_V2.C(72,10): message : utilisez '%I64X' dans la chaîne de format
C:\SPY\PROG_SLO1_25_26\Exercice\Exo4\sources\Ex4_V2.C(72,10): warning C4477: 'printf' : la chaîne de format '%04X' nécessite un argument de type 'unsigned int', mais l'argument variadique 2 est de type 'unsigned __int64'
C:\SPY\PROG_SLO1_25_26\Exercice\Exo4\sources\Ex4_V2.C(72,10): message : utilisez '%llX' dans la chaîne de format
C:\SPY\PROG_SLO1_25_26\Exercice\Exo4\sources\Ex4_V2.C(72,10): message : utilisez '%IX' dans la chaîne de format
C:\SPY\PROG_SLO1_25_26\Exercice\Exo4\sources\Ex4_V2.C(72,10): message : utilisez '%I64X' dans la chaîne de format
C:\SPY\PROG_SLO1_25_26\Exercice\Exo4\sources\Ex4_V2.C(72,10): warning C4477: 'printf' : la chaîne de format '%04x' nécessite un argument de type 'unsigned int', mais l'argument variadique 3 est de type 'unsigned __int64'
C:\SPY\PROG_SLO1_25_26\Exercice\Exo4\sources\Ex4_V2.C(72,10): message : utilisez '%llx' dans la chaîne de format
C:\SPY\PROG_SLO1_25_26\Exercice\Exo4\sources\Ex4_V2.C(72,10): message : utilisez '%Ix' dans la chaîne de format
C:\SPY\PROG_SLO1_25_26\Exercice\Exo4\sources\Ex4_V2.C(72,10): message : utilisez '%I64x' dans la chaîne de format
  Exercice_4.vcxproj -> C:\SPY\PROG_SLO1_25_26\Exercice\Exo4\sources\Exercice_4\x64\Debug\Exercice_4.exe
